../Core/Src/main.c:116:6:delay_us	16	static
../Core/Src/main.c:81:5:main	104	static
../Core/Src/main.c:122:7:sensorRead	32	static
../Core/Src/main.c:188:6:SystemClock_Config	88	static
../Core/Src/main.c:234:13:MX_ETH_Init	8	static
../Core/Src/main.c:283:13:MX_TIM1_Init	32	static
../Core/Src/main.c:329:13:MX_USART3_UART_Init	8	static
../Core/Src/main.c:362:13:MX_USB_OTG_FS_PCD_Init	8	static
../Core/Src/main.c:397:13:MX_GPIO_Init	64	static
../Core/Src/main.c:483:6:Error_Handler	4	static,ignoring_inline_asm
